go : # layeh.com/gopus
At C:\Users\vervi\AppData\Local\Temp\ps-script-1c50fbc4-2e13-45b8-8b16-0c0e9a45e07c.ps1:7 char:32
+ cd "d:\Python\pipecat_alt_go"; go test ./... -count=1 2>&1 | Out-File ...
+                                ~~~~~~~~~~~~~~~~~~~~~~~~~~~
    + CategoryInfo          : NotSpecified: (# layeh.com/gopus:String) [], RemoteException
    + FullyQualifiedErrorId : NativeCommandError
 
In file included from 
C:\Users\vervi\go\pkg\mod\layeh.com\gopus@v0.0.0-20210501142526-1ee02d434e32/opus-1.1.2/silk/CNG.c:32,
                 from 
C:\Users\vervi\go\pkg\mod\layeh.com\gopus@v0.0.0-20210501142526-1ee02d434e32\opus_nonshared.go:11:
C:\Users\vervi\go\pkg\mod\layeh.com\gopus@v0.0.0-20210501142526-1ee02d434e32/opus-1.1.2/silk/float/wrappers_FLP.c: In 
function 'silk_NSQ_wrapper_FLP':
C:\Users\vervi\go\pkg\mod\layeh.com\gopus@v0.0.0-20210501142526-1ee02d434e32/opus-1.1.2/silk/main.h:292:18: warning: 
'silk_NSQ_del_dec_c' reading 64 bytes from a region of size 32 [-Wstringop-overread]
  292 |     ((void)(arch),silk_NSQ_del_dec_c(psEncC, NSQ, psIndices, x_Q3, pulses, PredCoef_Q12, LTPCoef_Q14, AR2_Q13, 
\
      |     
~~~~~~~~~~~~~^~~~~~~~~~~~~~~~~~~~~~~~~~~~~~~~~~~~~~~~~~~~~~~~~~~~~~~~~~~~~~~~~~~~~~~~~~~~~~~~~~~~~~~~~~~~~~~
  293 |                            HarmShapeGain_Q14, Tilt_Q14, LF_shp_Q14, Gains_Q16, pitchL, Lambda_Q10, 
LTP_scale_Q14))
      |                            
~~~~~~~~~~~~~~~~~~~~~~~~~~~~~~~~~~~~~~~~~~~~~~~~~~~~~~~~~~~~~~~~~~~~~~~~~~~~~~~~~~~~~~~
C:\Users\vervi\go\pkg\mod\layeh.com\gopus@v0.0.0-20210501142526-1ee02d434e32/opus-1.1.2/silk/float/wrappers_FLP.c:163:9
: note: in expansion of macro 'silk_NSQ_del_dec'
  163 |         silk_NSQ_del_dec( &psEnc->sCmn, psNSQ, psIndices, x_Q3, pulses, PredCoef_Q12[ 0 ], LTPCoef_Q14,
      |         ^~~~~~~~~~~~~~~~
C:\Users\vervi\go\pkg\mod\layeh.com\gopus@v0.0.0-20210501142526-1ee02d434e32/opus-1.1.2/silk/main.h:292:18: note: 
referencing argument 6 of type 'const opus_int16[32]' {aka 'const short int[32]'}
  292 |     ((void)(arch),silk_NSQ_del_dec_c(psEncC, NSQ, psIndices, x_Q3, pulses, PredCoef_Q12, LTPCoef_Q14, AR2_Q13, 
\
      |     
~~~~~~~~~~~~~^~~~~~~~~~~~~~~~~~~~~~~~~~~~~~~~~~~~~~~~~~~~~~~~~~~~~~~~~~~~~~~~~~~~~~~~~~~~~~~~~~~~~~~~~~~~~~~
  293 |                            HarmShapeGain_Q14, Tilt_Q14, LF_shp_Q14, Gains_Q16, pitchL, Lambda_Q10, 
LTP_scale_Q14))
      |                            
~~~~~~~~~~~~~~~~~~~~~~~~~~~~~~~~~~~~~~~~~~~~~~~~~~~~~~~~~~~~~~~~~~~~~~~~~~~~~~~~~~~~~~~
C:\Users\vervi\go\pkg\mod\layeh.com\gopus@v0.0.0-20210501142526-1ee02d434e32/opus-1.1.2/silk/float/wrappers_FLP.c:163:9
: note: in expansion of macro 'silk_NSQ_del_dec'
  163 |         silk_NSQ_del_dec( &psEnc->sCmn, psNSQ, psIndices, x_Q3, pulses, PredCoef_Q12[ 0 ], LTPCoef_Q14,
      |         ^~~~~~~~~~~~~~~~
C:\Users\vervi\go\pkg\mod\layeh.com\gopus@v0.0.0-20210501142526-1ee02d434e32/opus-1.1.2/silk/main.h:292:18: note: 
referencing argument 7 of type 'const opus_int16[20]' {aka 'const short int[20]'}
  292 |     ((void)(arch),silk_NSQ_del_dec_c(psEncC, NSQ, psIndices, x_Q3, pulses, PredCoef_Q12, LTPCoef_Q14, AR2_Q13, 
\
      |     
~~~~~~~~~~~~~^~~~~~~~~~~~~~~~~~~~~~~~~~~~~~~~~~~~~~~~~~~~~~~~~~~~~~~~~~~~~~~~~~~~~~~~~~~~~~~~~~~~~~~~~~~~~~~
  293 |                            HarmShapeGain_Q14, Tilt_Q14, LF_shp_Q14, Gains_Q16, pitchL, Lambda_Q10, 
LTP_scale_Q14))
      |                            
~~~~~~~~~~~~~~~~~~~~~~~~~~~~~~~~~~~~~~~~~~~~~~~~~~~~~~~~~~~~~~~~~~~~~~~~~~~~~~~~~~~~~~~
C:\Users\vervi\go\pkg\mod\layeh.com\gopus@v0.0.0-20210501142526-1ee02d434e32/opus-1.1.2/silk/float/wrappers_FLP.c:163:9
: note: in expansion of macro 'silk_NSQ_del_dec'
  163 |         silk_NSQ_del_dec( &psEnc->sCmn, psNSQ, psIndices, x_Q3, pulses, PredCoef_Q12[ 0 ], LTPCoef_Q14,
      |         ^~~~~~~~~~~~~~~~
C:\Users\vervi\go\pkg\mod\layeh.com\gopus@v0.0.0-20210501142526-1ee02d434e32/opus-1.1.2/silk/main.h:292:18: note: 
referencing argument 8 of type 'const opus_int16[64]' {aka 'const short int[64]'}
  292 |     ((void)(arch),silk_NSQ_del_dec_c(psEncC, NSQ, psIndices, x_Q3, pulses, PredCoef_Q12, LTPCoef_Q14, AR2_Q13, 
\
      |     
~~~~~~~~~~~~~^~~~~~~~~~~~~~~~~~~~~~~~~~~~~~~~~~~~~~~~~~~~~~~~~~~~~~~~~~~~~~~~~~~~~~~~~~~~~~~~~~~~~~~~~~~~~~~
  293 |                            HarmShapeGain_Q14, Tilt_Q14, LF_shp_Q14, Gains_Q16, pitchL, Lambda_Q10, 
LTP_scale_Q14))
      |                            
~~~~~~~~~~~~~~~~~~~~~~~~~~~~~~~~~~~~~~~~~~~~~~~~~~~~~~~~~~~~~~~~~~~~~~~~~~~~~~~~~~~~~~~
C:\Users\vervi\go\pkg\mod\layeh.com\gopus@v0.0.0-20210501142526-1ee02d434e32/opus-1.1.2/silk/float/wrappers_FLP.c:163:9
: note: in expansion of macro 'silk_NSQ_del_dec'
  163 |         silk_NSQ_del_dec( &psEnc->sCmn, psNSQ, psIndices, x_Q3, pulses, PredCoef_Q12[ 0 ], LTPCoef_Q14,
      |         ^~~~~~~~~~~~~~~~
C:\Users\vervi\go\pkg\mod\layeh.com\gopus@v0.0.0-20210501142526-1ee02d434e32/opus-1.1.2/silk/main.h:292:18: note: 
referencing argument 9 of type 'const int[4]'
  292 |     ((void)(arch),silk_NSQ_del_dec_c(psEncC, NSQ, psIndices, x_Q3, pulses, PredCoef_Q12, LTPCoef_Q14, AR2_Q13, 
\
      |     
~~~~~~~~~~~~~^~~~~~~~~~~~~~~~~~~~~~~~~~~~~~~~~~~~~~~~~~~~~~~~~~~~~~~~~~~~~~~~~~~~~~~~~~~~~~~~~~~~~~~~~~~~~~~
  293 |                            HarmShapeGain_Q14, Tilt_Q14, LF_shp_Q14, Gains_Q16, pitchL, Lambda_Q10, 
LTP_scale_Q14))
      |                            
~~~~~~~~~~~~~~~~~~~~~~~~~~~~~~~~~~~~~~~~~~~~~~~~~~~~~~~~~~~~~~~~~~~~~~~~~~~~~~~~~~~~~~~
C:\Users\vervi\go\pkg\mod\layeh.com\gopus@v0.0.0-20210501142526-1ee02d434e32/opus-1.1.2/silk/float/wrappers_FLP.c:163:9
: note: in expansion of macro 'silk_NSQ_del_dec'
  163 |         silk_NSQ_del_dec( &psEnc->sCmn, psNSQ, psIndices, x_Q3, pulses, PredCoef_Q12[ 0 ], LTPCoef_Q14,
      |         ^~~~~~~~~~~~~~~~
C:\Users\vervi\go\pkg\mod\layeh.com\gopus@v0.0.0-20210501142526-1ee02d434e32/opus-1.1.2/silk/main.h:292:18: note: 
referencing argument 10 of type 'const int[4]'
  292 |     ((void)(arch),silk_NSQ_del_dec_c(psEncC, NSQ, psIndices, x_Q3, pulses, PredCoef_Q12, LTPCoef_Q14, AR2_Q13, 
\
      |     
~~~~~~~~~~~~~^~~~~~~~~~~~~~~~~~~~~~~~~~~~~~~~~~~~~~~~~~~~~~~~~~~~~~~~~~~~~~~~~~~~~~~~~~~~~~~~~~~~~~~~~~~~~~~
  293 |                            HarmShapeGain_Q14, Tilt_Q14, LF_shp_Q14, Gains_Q16, pitchL, Lambda_Q10, 
LTP_scale_Q14))
      |                            
~~~~~~~~~~~~~~~~~~~~~~~~~~~~~~~~~~~~~~~~~~~~~~~~~~~~~~~~~~~~~~~~~~~~~~~~~~~~~~~~~~~~~~~
C:\Users\vervi\go\pkg\mod\layeh.com\gopus@v0.0.0-20210501142526-1ee02d434e32/opus-1.1.2/silk/float/wrappers_FLP.c:163:9
: note: in expansion of macro 'silk_NSQ_del_dec'
  163 |         silk_NSQ_del_dec( &psEnc->sCmn, psNSQ, psIndices, x_Q3, pulses, PredCoef_Q12[ 0 ], LTPCoef_Q14,
      |         ^~~~~~~~~~~~~~~~
C:\Users\vervi\go\pkg\mod\layeh.com\gopus@v0.0.0-20210501142526-1ee02d434e32/opus-1.1.2/silk/main.h:292:18: note: 
referencing argument 11 of type 'const opus_int32[4]' {aka 'const int[4]'}
  292 |     ((void)(arch),silk_NSQ_del_dec_c(psEncC, NSQ, psIndices, x_Q3, pulses, PredCoef_Q12, LTPCoef_Q14, AR2_Q13, 
\
      |     
~~~~~~~~~~~~~^~~~~~~~~~~~~~~~~~~~~~~~~~~~~~~~~~~~~~~~~~~~~~~~~~~~~~~~~~~~~~~~~~~~~~~~~~~~~~~~~~~~~~~~~~~~~~~
  293 |                            HarmShapeGain_Q14, Tilt_Q14, LF_shp_Q14, Gains_Q16, pitchL, Lambda_Q10, 
LTP_scale_Q14))
      |                            
~~~~~~~~~~~~~~~~~~~~~~~~~~~~~~~~~~~~~~~~~~~~~~~~~~~~~~~~~~~~~~~~~~~~~~~~~~~~~~~~~~~~~~~
C:\Users\vervi\go\pkg\mod\layeh.com\gopus@v0.0.0-20210501142526-1ee02d434e32/opus-1.1.2/silk/float/wrappers_FLP.c:163:9
: note: in expansion of macro 'silk_NSQ_del_dec'
  163 |         silk_NSQ_del_dec( &psEnc->sCmn, psNSQ, psIndices, x_Q3, pulses, PredCoef_Q12[ 0 ], LTPCoef_Q14,
      |         ^~~~~~~~~~~~~~~~
C:\Users\vervi\go\pkg\mod\layeh.com\gopus@v0.0.0-20210501142526-1ee02d434e32/opus-1.1.2/silk/main.h:292:18: note: 
referencing argument 12 of type 'const opus_int32[4]' {aka 'const int[4]'}
  292 |     ((void)(arch),silk_NSQ_del_dec_c(psEncC, NSQ, psIndices, x_Q3, pulses, PredCoef_Q12, LTPCoef_Q14, AR2_Q13, 
\
      |     
~~~~~~~~~~~~~^~~~~~~~~~~~~~~~~~~~~~~~~~~~~~~~~~~~~~~~~~~~~~~~~~~~~~~~~~~~~~~~~~~~~~~~~~~~~~~~~~~~~~~~~~~~~~~
  293 |                            HarmShapeGain_Q14, Tilt_Q14, LF_shp_Q14, Gains_Q16, pitchL, Lambda_Q10, 
LTP_scale_Q14))
      |                            
~~~~~~~~~~~~~~~~~~~~~~~~~~~~~~~~~~~~~~~~~~~~~~~~~~~~~~~~~~~~~~~~~~~~~~~~~~~~~~~~~~~~~~~
C:\Users\vervi\go\pkg\mod\layeh.com\gopus@v0.0.0-20210501142526-1ee02d434e32/opus-1.1.2/silk/float/wrappers_FLP.c:163:9
: note: in expansion of macro 'silk_NSQ_del_dec'
  163 |         silk_NSQ_del_dec( &psEnc->sCmn, psNSQ, psIndices, x_Q3, pulses, PredCoef_Q12[ 0 ], LTPCoef_Q14,
      |         ^~~~~~~~~~~~~~~~
C:\Users\vervi\go\pkg\mod\layeh.com\gopus@v0.0.0-20210501142526-1ee02d434e32/opus-1.1.2/silk/main.h:292:18: note: 
referencing argument 13 of type 'const int[4]'
  292 |     ((void)(arch),silk_NSQ_del_dec_c(psEncC, NSQ, psIndices, x_Q3, pulses, PredCoef_Q12, LTPCoef_Q14, AR2_Q13, 
\
      |     
~~~~~~~~~~~~~^~~~~~~~~~~~~~~~~~~~~~~~~~~~~~~~~~~~~~~~~~~~~~~~~~~~~~~~~~~~~~~~~~~~~~~~~~~~~~~~~~~~~~~~~~~~~~~
  293 |                            HarmShapeGain_Q14, Tilt_Q14, LF_shp_Q14, Gains_Q16, pitchL, Lambda_Q10, 
LTP_scale_Q14))
      |                            
~~~~~~~~~~~~~~~~~~~~~~~~~~~~~~~~~~~~~~~~~~~~~~~~~~~~~~~~~~~~~~~~~~~~~~~~~~~~~~~~~~~~~~~
C:\Users\vervi\go\pkg\mod\layeh.com\gopus@v0.0.0-20210501142526-1ee02d434e32/opus-1.1.2/silk/float/wrappers_FLP.c:163:9
: note: in expansion of macro 'silk_NSQ_del_dec'
  163 |         silk_NSQ_del_dec( &psEnc->sCmn, psNSQ, psIndices, x_Q3, pulses, PredCoef_Q12[ 0 ], LTPCoef_Q14,
      |         ^~~~~~~~~~~~~~~~
In file included from 
C:\Users\vervi\go\pkg\mod\layeh.com\gopus@v0.0.0-20210501142526-1ee02d434e32\opus_nonshared.go:29:
C:\Users\vervi\go\pkg\mod\layeh.com\gopus@v0.0.0-20210501142526-1ee02d434e32/opus-1.1.2/silk/NSQ_del_dec.c:112:6: 
note: in a call to function 'silk_NSQ_del_dec_c'
  112 | void silk_NSQ_del_dec_c(
      |      ^~~~~~~~~~~~~~~~~~
C:\Users\vervi\go\pkg\mod\layeh.com\gopus@v0.0.0-20210501142526-1ee02d434e32/opus-1.1.2/silk/main.h:266:18: warning: 
'silk_NSQ_c' reading 64 bytes from a region of size 32 [-Wstringop-overread]
  266 |     ((void)(arch),silk_NSQ_c(psEncC, NSQ, psIndices, x_Q3, pulses, PredCoef_Q12, LTPCoef_Q14, AR2_Q13, \
      |     ~~~~~~~~~~~~~^~~~~~~~~~~~~~~~~~~~~~~~~~~~~~~~~~~~~~~~~~~~~~~~~~~~~~~~~~~~~~~~~~~~~~~~~~~~~~~~~~~~~~~
  267 |                    HarmShapeGain_Q14, Tilt_Q14, LF_shp_Q14, Gains_Q16, pitchL, Lambda_Q10, LTP_scale_Q14))
      |                    ~~~~~~~~~~~~~~~~~~~~~~~~~~~~~~~~~~~~~~~~~~~~~~~~~~~~~~~~~~~~~~~~~~~~~~~~~~~~~~~~~~~~~~~
C:\Users\vervi\go\pkg\mod\layeh.com\gopus@v0.0.0-20210501142526-1ee02d434e32/opus-1.1.2/silk/float/wrappers_FLP.c:166:9
: note: in expansion of macro 'silk_NSQ'
  166 |         silk_NSQ( &psEnc->sCmn, psNSQ, psIndices, x_Q3, pulses, PredCoef_Q12[ 0 ], LTPCoef_Q14,
      |         ^~~~~~~~
C:\Users\vervi\go\pkg\mod\layeh.com\gopus@v0.0.0-20210501142526-1ee02d434e32/opus-1.1.2/silk/main.h:266:18: note: 
referencing argument 6 of type 'const opus_int16[32]' {aka 'const short int[32]'}
  266 |     ((void)(arch),silk_NSQ_c(psEncC, NSQ, psIndices, x_Q3, pulses, PredCoef_Q12, LTPCoef_Q14, AR2_Q13, \
      |     ~~~~~~~~~~~~~^~~~~~~~~~~~~~~~~~~~~~~~~~~~~~~~~~~~~~~~~~~~~~~~~~~~~~~~~~~~~~~~~~~~~~~~~~~~~~~~~~~~~~~
  267 |                    HarmShapeGain_Q14, Tilt_Q14, LF_shp_Q14, Gains_Q16, pitchL, Lambda_Q10, LTP_scale_Q14))
      |                    ~~~~~~~~~~~~~~~~~~~~~~~~~~~~~~~~~~~~~~~~~~~~~~~~~~~~~~~~~~~~~~~~~~~~~~~~~~~~~~~~~~~~~~~
C:\Users\vervi\go\pkg\mod\layeh.com\gopus@v0.0.0-20210501142526-1ee02d434e32/opus-1.1.2/silk/float/wrappers_FLP.c:166:9
: note: in expansion of macro 'silk_NSQ'
  166 |         silk_NSQ( &psEnc->sCmn, psNSQ, psIndices, x_Q3, pulses, PredCoef_Q12[ 0 ], LTPCoef_Q14,
      |         ^~~~~~~~
C:\Users\vervi\go\pkg\mod\layeh.com\gopus@v0.0.0-20210501142526-1ee02d434e32/opus-1.1.2/silk/main.h:266:18: note: 
referencing argument 7 of type 'const opus_int16[20]' {aka 'const short int[20]'}
  266 |     ((void)(arch),silk_NSQ_c(psEncC, NSQ, psIndices, x_Q3, pulses, PredCoef_Q12, LTPCoef_Q14, AR2_Q13, \
      |     ~~~~~~~~~~~~~^~~~~~~~~~~~~~~~~~~~~~~~~~~~~~~~~~~~~~~~~~~~~~~~~~~~~~~~~~~~~~~~~~~~~~~~~~~~~~~~~~~~~~~
  267 |                    HarmShapeGain_Q14, Tilt_Q14, LF_shp_Q14, Gains_Q16, pitchL, Lambda_Q10, LTP_scale_Q14))
      |                    ~~~~~~~~~~~~~~~~~~~~~~~~~~~~~~~~~~~~~~~~~~~~~~~~~~~~~~~~~~~~~~~~~~~~~~~~~~~~~~~~~~~~~~~
C:\Users\vervi\go\pkg\mod\layeh.com\gopus@v0.0.0-20210501142526-1ee02d434e32/opus-1.1.2/silk/float/wrappers_FLP.c:166:9
: note: in expansion of macro 'silk_NSQ'
  166 |         silk_NSQ( &psEnc->sCmn, psNSQ, psIndices, x_Q3, pulses, PredCoef_Q12[ 0 ], LTPCoef_Q14,
      |         ^~~~~~~~
C:\Users\vervi\go\pkg\mod\layeh.com\gopus@v0.0.0-20210501142526-1ee02d434e32/opus-1.1.2/silk/main.h:266:18: note: 
referencing argument 8 of type 'const opus_int16[64]' {aka 'const short int[64]'}
  266 |     ((void)(arch),silk_NSQ_c(psEncC, NSQ, psIndices, x_Q3, pulses, PredCoef_Q12, LTPCoef_Q14, AR2_Q13, \
      |     ~~~~~~~~~~~~~^~~~~~~~~~~~~~~~~~~~~~~~~~~~~~~~~~~~~~~~~~~~~~~~~~~~~~~~~~~~~~~~~~~~~~~~~~~~~~~~~~~~~~~
  267 |                    HarmShapeGain_Q14, Tilt_Q14, LF_shp_Q14, Gains_Q16, pitchL, Lambda_Q10, LTP_scale_Q14))
      |                    ~~~~~~~~~~~~~~~~~~~~~~~~~~~~~~~~~~~~~~~~~~~~~~~~~~~~~~~~~~~~~~~~~~~~~~~~~~~~~~~~~~~~~~~
C:\Users\vervi\go\pkg\mod\layeh.com\gopus@v0.0.0-20210501142526-1ee02d434e32/opus-1.1.2/silk/float/wrappers_FLP.c:166:9
: note: in expansion of macro 'silk_NSQ'
  166 |         silk_NSQ( &psEnc->sCmn, psNSQ, psIndices, x_Q3, pulses, PredCoef_Q12[ 0 ], LTPCoef_Q14,
      |         ^~~~~~~~
C:\Users\vervi\go\pkg\mod\layeh.com\gopus@v0.0.0-20210501142526-1ee02d434e32/opus-1.1.2/silk/main.h:266:18: note: 
referencing argument 9 of type 'const int[4]'
  266 |     ((void)(arch),silk_NSQ_c(psEncC, NSQ, psIndices, x_Q3, pulses, PredCoef_Q12, LTPCoef_Q14, AR2_Q13, \
      |     ~~~~~~~~~~~~~^~~~~~~~~~~~~~~~~~~~~~~~~~~~~~~~~~~~~~~~~~~~~~~~~~~~~~~~~~~~~~~~~~~~~~~~~~~~~~~~~~~~~~~
  267 |                    HarmShapeGain_Q14, Tilt_Q14, LF_shp_Q14, Gains_Q16, pitchL, Lambda_Q10, LTP_scale_Q14))
      |                    ~~~~~~~~~~~~~~~~~~~~~~~~~~~~~~~~~~~~~~~~~~~~~~~~~~~~~~~~~~~~~~~~~~~~~~~~~~~~~~~~~~~~~~~
C:\Users\vervi\go\pkg\mod\layeh.com\gopus@v0.0.0-20210501142526-1ee02d434e32/opus-1.1.2/silk/float/wrappers_FLP.c:166:9
: note: in expansion of macro 'silk_NSQ'
  166 |         silk_NSQ( &psEnc->sCmn, psNSQ, psIndices, x_Q3, pulses, PredCoef_Q12[ 0 ], LTPCoef_Q14,
      |         ^~~~~~~~
C:\Users\vervi\go\pkg\mod\layeh.com\gopus@v0.0.0-20210501142526-1ee02d434e32/opus-1.1.2/silk/main.h:266:18: note: 
referencing argument 10 of type 'const int[4]'
  266 |     ((void)(arch),silk_NSQ_c(psEncC, NSQ, psIndices, x_Q3, pulses, PredCoef_Q12, LTPCoef_Q14, AR2_Q13, \
      |     ~~~~~~~~~~~~~^~~~~~~~~~~~~~~~~~~~~~~~~~~~~~~~~~~~~~~~~~~~~~~~~~~~~~~~~~~~~~~~~~~~~~~~~~~~~~~~~~~~~~~
  267 |                    HarmShapeGain_Q14, Tilt_Q14, LF_shp_Q14, Gains_Q16, pitchL, Lambda_Q10, LTP_scale_Q14))
      |                    ~~~~~~~~~~~~~~~~~~~~~~~~~~~~~~~~~~~~~~~~~~~~~~~~~~~~~~~~~~~~~~~~~~~~~~~~~~~~~~~~~~~~~~~
C:\Users\vervi\go\pkg\mod\layeh.com\gopus@v0.0.0-20210501142526-1ee02d434e32/opus-1.1.2/silk/float/wrappers_FLP.c:166:9
: note: in expansion of macro 'silk_NSQ'
  166 |         silk_NSQ( &psEnc->sCmn, psNSQ, psIndices, x_Q3, pulses, PredCoef_Q12[ 0 ], LTPCoef_Q14,
      |         ^~~~~~~~
C:\Users\vervi\go\pkg\mod\layeh.com\gopus@v0.0.0-20210501142526-1ee02d434e32/opus-1.1.2/silk/main.h:266:18: note: 
referencing argument 11 of type 'const opus_int32[4]' {aka 'const int[4]'}
  266 |     ((void)(arch),silk_NSQ_c(psEncC, NSQ, psIndices, x_Q3, pulses, PredCoef_Q12, LTPCoef_Q14, AR2_Q13, \
      |     ~~~~~~~~~~~~~^~~~~~~~~~~~~~~~~~~~~~~~~~~~~~~~~~~~~~~~~~~~~~~~~~~~~~~~~~~~~~~~~~~~~~~~~~~~~~~~~~~~~~~
  267 |                    HarmShapeGain_Q14, Tilt_Q14, LF_shp_Q14, Gains_Q16, pitchL, Lambda_Q10, LTP_scale_Q14))
      |                    ~~~~~~~~~~~~~~~~~~~~~~~~~~~~~~~~~~~~~~~~~~~~~~~~~~~~~~~~~~~~~~~~~~~~~~~~~~~~~~~~~~~~~~~
C:\Users\vervi\go\pkg\mod\layeh.com\gopus@v0.0.0-20210501142526-1ee02d434e32/opus-1.1.2/silk/float/wrappers_FLP.c:166:9
: note: in expansion of macro 'silk_NSQ'
  166 |         silk_NSQ( &psEnc->sCmn, psNSQ, psIndices, x_Q3, pulses, PredCoef_Q12[ 0 ], LTPCoef_Q14,
      |         ^~~~~~~~
C:\Users\vervi\go\pkg\mod\layeh.com\gopus@v0.0.0-20210501142526-1ee02d434e32/opus-1.1.2/silk/main.h:266:18: note: 
referencing argument 12 of type 'const opus_int32[4]' {aka 'const int[4]'}
  266 |     ((void)(arch),silk_NSQ_c(psEncC, NSQ, psIndices, x_Q3, pulses, PredCoef_Q12, LTPCoef_Q14, AR2_Q13, \
      |     ~~~~~~~~~~~~~^~~~~~~~~~~~~~~~~~~~~~~~~~~~~~~~~~~~~~~~~~~~~~~~~~~~~~~~~~~~~~~~~~~~~~~~~~~~~~~~~~~~~~~
  267 |                    HarmShapeGain_Q14, Tilt_Q14, LF_shp_Q14, Gains_Q16, pitchL, Lambda_Q10, LTP_scale_Q14))
      |                    ~~~~~~~~~~~~~~~~~~~~~~~~~~~~~~~~~~~~~~~~~~~~~~~~~~~~~~~~~~~~~~~~~~~~~~~~~~~~~~~~~~~~~~~
C:\Users\vervi\go\pkg\mod\layeh.com\gopus@v0.0.0-20210501142526-1ee02d434e32/opus-1.1.2/silk/float/wrappers_FLP.c:166:9
: note: in expansion of macro 'silk_NSQ'
  166 |         silk_NSQ( &psEnc->sCmn, psNSQ, psIndices, x_Q3, pulses, PredCoef_Q12[ 0 ], LTPCoef_Q14,
      |         ^~~~~~~~
C:\Users\vervi\go\pkg\mod\layeh.com\gopus@v0.0.0-20210501142526-1ee02d434e32/opus-1.1.2/silk/main.h:266:18: note: 
referencing argument 13 of type 'const int[4]'
  266 |     ((void)(arch),silk_NSQ_c(psEncC, NSQ, psIndices, x_Q3, pulses, PredCoef_Q12, LTPCoef_Q14, AR2_Q13, \
      |     ~~~~~~~~~~~~~^~~~~~~~~~~~~~~~~~~~~~~~~~~~~~~~~~~~~~~~~~~~~~~~~~~~~~~~~~~~~~~~~~~~~~~~~~~~~~~~~~~~~~~
  267 |                    HarmShapeGain_Q14, Tilt_Q14, LF_shp_Q14, Gains_Q16, pitchL, Lambda_Q10, LTP_scale_Q14))
      |                    ~~~~~~~~~~~~~~~~~~~~~~~~~~~~~~~~~~~~~~~~~~~~~~~~~~~~~~~~~~~~~~~~~~~~~~~~~~~~~~~~~~~~~~~
C:\Users\vervi\go\pkg\mod\layeh.com\gopus@v0.0.0-20210501142526-1ee02d434e32/opus-1.1.2/silk/float/wrappers_FLP.c:166:9
: note: in expansion of macro 'silk_NSQ'
  166 |         silk_NSQ( &psEnc->sCmn, psNSQ, psIndices, x_Q3, pulses, PredCoef_Q12[ 0 ], LTPCoef_Q14,
      |         ^~~~~~~~
In file included from 
C:\Users\vervi\go\pkg\mod\layeh.com\gopus@v0.0.0-20210501142526-1ee02d434e32\opus_nonshared.go:28:
C:\Users\vervi\go\pkg\mod\layeh.com\gopus@v0.0.0-20210501142526-1ee02d434e32/opus-1.1.2/silk/NSQ.c:73:6: note: in a 
call to function 'silk_NSQ_c'
   73 | void silk_NSQ_c
      |      ^~~~~~~~~~
?   	github.com/Voxray-AI/Voxray/cmd/evals	[no test files]
?   	github.com/Voxray-AI/Voxray/cmd/generate-dtmf	[no test files]
?   	github.com/Voxray-AI/Voxray/cmd/realtime-demo	[no test files]
?   	github.com/Voxray-AI/Voxray/cmd/voxray	[no test files]
?   	github.com/Voxray-AI/Voxray/docs	[no test files]
?   	github.com/Voxray-AI/Voxray/examples	[no test files]
?   	github.com/Voxray-AI/Voxray/examples/voice	[no test files]
?   	github.com/Voxray-AI/Voxray/pkg/adapters/schemas	[no test files]
?   	github.com/Voxray-AI/Voxray/pkg/api	[no test files]
?   	github.com/Voxray-AI/Voxray/pkg/audio	[no test files]
?   	github.com/Voxray-AI/Voxray/pkg/audio/filters	[no test files]
?   	github.com/Voxray-AI/Voxray/pkg/audio/interruptions	[no test files]
?   	github.com/Voxray-AI/Voxray/pkg/audio/mixers	[no test files]
ok  	github.com/Voxray-AI/Voxray/pkg/audio/turn	0.648s
ok  	github.com/Voxray-AI/Voxray/pkg/audio/vad	0.647s
?   	github.com/Voxray-AI/Voxray/pkg/config	[no test files]
?   	github.com/Voxray-AI/Voxray/pkg/evals	[no test files]
?   	github.com/Voxray-AI/Voxray/pkg/extensions/ivr	[no test files]
?   	github.com/Voxray-AI/Voxray/pkg/extensions/voicemail	[no test files]
?   	github.com/Voxray-AI/Voxray/pkg/frames	[no test files]
?   	github.com/Voxray-AI/Voxray/pkg/frames/proto/wire	[no test files]
?   	github.com/Voxray-AI/Voxray/pkg/frames/serialize	[no test files]
?   	github.com/Voxray-AI/Voxray/pkg/frames/serialize/exotel	[no test files]
?   	github.com/Voxray-AI/Voxray/pkg/frames/serialize/genesys	[no test files]
?   	github.com/Voxray-AI/Voxray/pkg/frames/serialize/plivo	[no test files]
?   	github.com/Voxray-AI/Voxray/pkg/frames/serialize/telnyx	[no test files]
?   	github.com/Voxray-AI/Voxray/pkg/frames/serialize/twilio	[no test files]
?   	github.com/Voxray-AI/Voxray/pkg/frames/serialize/vonage	[no test files]
?   	github.com/Voxray-AI/Voxray/pkg/logger	[no test files]
?   	github.com/Voxray-AI/Voxray/pkg/mcp	[no test files]
ok  	github.com/Voxray-AI/Voxray/pkg/metrics	1.556s
ok  	github.com/Voxray-AI/Voxray/pkg/observers	0.916s
?   	github.com/Voxray-AI/Voxray/pkg/pipeline	[no test files]
?   	github.com/Voxray-AI/Voxray/pkg/plugin	[no test files]
?   	github.com/Voxray-AI/Voxray/pkg/processors	[no test files]
?   	github.com/Voxray-AI/Voxray/pkg/processors/aggregator	[no test files]
?   	github.com/Voxray-AI/Voxray/pkg/processors/aggregators/dtmf	[no test files]
?   	github.com/Voxray-AI/Voxray/pkg/processors/aggregators/gated	[no test files]
?   	github.com/Voxray-AI/Voxray/pkg/processors/aggregators/gatedcontext	[no test files]
?   	github.com/Voxray-AI/Voxray/pkg/processors/aggregators/llmcontextsummarizer	[no test files]
?   	github.com/Voxray-AI/Voxray/pkg/processors/aggregators/llmfullresponse	[no test files]
?   	github.com/Voxray-AI/Voxray/pkg/processors/aggregators/llmtext	[no test files]
?   	github.com/Voxray-AI/Voxray/pkg/processors/aggregators/userresponse	[no test files]
?   	github.com/Voxray-AI/Voxray/pkg/processors/audio	[no test files]
?   	github.com/Voxray-AI/Voxray/pkg/processors/echo	[no test files]
?   	github.com/Voxray-AI/Voxray/pkg/processors/filters	[no test files]
?   	github.com/Voxray-AI/Voxray/pkg/processors/frameworks	[no test files]
?   	github.com/Voxray-AI/Voxray/pkg/processors/frameworks/rtvi	[no test files]
?   	github.com/Voxray-AI/Voxray/pkg/processors/logger	[no test files]
ok  	github.com/Voxray-AI/Voxray/pkg/processors/voice	0.512s
?   	github.com/Voxray-AI/Voxray/pkg/realtime	[no test files]
ok  	github.com/Voxray-AI/Voxray/pkg/recording	1.242s
?   	github.com/Voxray-AI/Voxray/pkg/runner	[no test files]
?   	github.com/Voxray-AI/Voxray/pkg/runner/daily	[no test files]
?   	github.com/Voxray-AI/Voxray/pkg/runner/livekit	[no test files]
ok  	github.com/Voxray-AI/Voxray/pkg/server	0.136s
?   	github.com/Voxray-AI/Voxray/pkg/services	[no test files]
ok  	github.com/Voxray-AI/Voxray/pkg/services/anthropic	1.166s
?   	github.com/Voxray-AI/Voxray/pkg/services/asyncai	[no test files]
?   	github.com/Voxray-AI/Voxray/pkg/services/aws	[no test files]
?   	github.com/Voxray-AI/Voxray/pkg/services/camb	[no test files]
?   	github.com/Voxray-AI/Voxray/pkg/services/cerebras	[no test files]
?   	github.com/Voxray-AI/Voxray/pkg/services/deepseek	[no test files]
?   	github.com/Voxray-AI/Voxray/pkg/services/elevenlabs	[no test files]
?   	github.com/Voxray-AI/Voxray/pkg/services/fish	[no test files]
ok  	github.com/Voxray-AI/Voxray/pkg/services/google	0.196s
?   	github.com/Voxray-AI/Voxray/pkg/services/gradium	[no test files]
?   	github.com/Voxray-AI/Voxray/pkg/services/grok	[no test files]
?   	github.com/Voxray-AI/Voxray/pkg/services/groq	[no test files]
?   	github.com/Voxray-AI/Voxray/pkg/services/hume	[no test files]
?   	github.com/Voxray-AI/Voxray/pkg/services/inworld	[no test files]
?   	github.com/Voxray-AI/Voxray/pkg/services/llmapi	[no test files]
?   	github.com/Voxray-AI/Voxray/pkg/services/minimax	[no test files]
?   	github.com/Voxray-AI/Voxray/pkg/services/mistral	[no test files]
?   	github.com/Voxray-AI/Voxray/pkg/services/mock	[no test files]
?   	github.com/Voxray-AI/Voxray/pkg/services/moondream	[no test files]
?   	github.com/Voxray-AI/Voxray/pkg/services/neuphonic	[no test files]
?   	github.com/Voxray-AI/Voxray/pkg/services/ollama	[no test files]
?   	github.com/Voxray-AI/Voxray/pkg/services/openai	[no test files]
?   	github.com/Voxray-AI/Voxray/pkg/services/openpipe	[no test files]
?   	github.com/Voxray-AI/Voxray/pkg/services/qwen	[no test files]
?   	github.com/Voxray-AI/Voxray/pkg/services/sarvam	[no test files]
?   	github.com/Voxray-AI/Voxray/pkg/services/soniox	[no test files]
?   	github.com/Voxray-AI/Voxray/pkg/services/stt	[no test files]
?   	github.com/Voxray-AI/Voxray/pkg/services/tts	[no test files]
?   	github.com/Voxray-AI/Voxray/pkg/services/whisper	[no test files]
?   	github.com/Voxray-AI/Voxray/pkg/services/xtts	[no test files]
?   	github.com/Voxray-AI/Voxray/pkg/sync/notifier	[no test files]
ok  	github.com/Voxray-AI/Voxray/pkg/transcripts	0.653s
?   	github.com/Voxray-AI/Voxray/pkg/transport	[no test files]
?   	github.com/Voxray-AI/Voxray/pkg/transport/memory	[no test files]
ok  	github.com/Voxray-AI/Voxray/pkg/transport/smallwebrtc	1.979s
ok  	github.com/Voxray-AI/Voxray/pkg/transport/websocket	3.437s
?   	github.com/Voxray-AI/Voxray/pkg/transport/whatsapp	[no test files]
?   	github.com/Voxray-AI/Voxray/pkg/utils	[no test files]
?   	github.com/Voxray-AI/Voxray/pkg/utils/notifier	[no test files]
?   	github.com/Voxray-AI/Voxray/pkg/utils/patternaggregator	[no test files]
?   	github.com/Voxray-AI/Voxray/pkg/utils/sentence	[no test files]
?   	github.com/Voxray-AI/Voxray/pkg/utils/textaggregator	[no test files]
?   	github.com/Voxray-AI/Voxray/sdk/go/voxray	[no test files]
ok  	github.com/Voxray-AI/Voxray/tests/cmd/realtime-demo	4.116s
ok  	github.com/Voxray-AI/Voxray/tests/cmd/voxray	8.419s
ok  	github.com/Voxray-AI/Voxray/tests/docs	1.876s
ok  	github.com/Voxray-AI/Voxray/tests/e2e	1.193s
ok  	github.com/Voxray-AI/Voxray/tests/examples	4.505s
ok  	github.com/Voxray-AI/Voxray/tests/examples/voice	4.832s
ok  	github.com/Voxray-AI/Voxray/tests/integration	1.170s
ok  	github.com/Voxray-AI/Voxray/tests/pkg/adapters/schemas	1.333s
ok  	github.com/Voxray-AI/Voxray/tests/pkg/audio	1.199s
ok  	github.com/Voxray-AI/Voxray/tests/pkg/audio/interruptions	1.333s
ok  	github.com/Voxray-AI/Voxray/tests/pkg/audio/mixers	1.156s
ok  	github.com/Voxray-AI/Voxray/tests/pkg/config	1.623s
ok  	github.com/Voxray-AI/Voxray/tests/pkg/extensions/ivr	0.477s
ok  	github.com/Voxray-AI/Voxray/tests/pkg/extensions/voicemail	0.564s
ok  	github.com/Voxray-AI/Voxray/tests/pkg/frames	1.662s
ok  	github.com/Voxray-AI/Voxray/tests/pkg/frames/proto/wire	1.397s
ok  	github.com/Voxray-AI/Voxray/tests/pkg/frames/serialize/twilio	2.745s
ok  	github.com/Voxray-AI/Voxray/tests/pkg/frames/serialize/vonage	1.585s
ok  	github.com/Voxray-AI/Voxray/tests/pkg/logger	1.506s
ok  	github.com/Voxray-AI/Voxray/tests/pkg/mcp	2.022s
ok  	github.com/Voxray-AI/Voxray/tests/pkg/observers	1.364s
[Voxray] 2026/05/16 21:29:14 [INFO] pipeline: setup with 8 processors
[Voxray] 2026/05/16 21:29:14 [INFO] pipeline: start (StartFrame pushed)
[Voxray] 2026/05/16 21:29:14 [INFO] pipeline: push frame type=StartFrame id=1
[Voxray] 2026/05/16 21:29:14 [INFO] pipeline (sink): forwarding to transport frame type=StartFrame id=1
[Voxray] 2026/05/16 21:29:14 [INFO] STT: audio packet received for transcription: 149650 bytes (16000 Hz, 1 ch), sending to STT API
[Voxray] 2026/05/16 21:29:14 [INFO] pipeline (sink): forwarding to transport frame type=ErrorFrame id=3
[Voxray] 2026/05/16 21:29:14 [INFO] pipeline: cleanup (8 processors)
--- FAIL: TestGroqVoicePipeline_E2E (0.25s)
    groq_voice_e2e_test.go:222: LLM model: llama-3.1-8b-instant
    groq_voice_e2e_test.go:273: received ErrorFrame from processor "stt": error, status code: 404, status: 404 Not Found, message: The model `saarika:v2.5` does not exist or you do not have access to it.
[Voxray] 2026/05/16 21:29:14 [INFO] pipeline: setup with 2 processors
[Voxray] 2026/05/16 21:29:14 [INFO] pipeline: start (StartFrame pushed)
[Voxray] 2026/05/16 21:29:14 [INFO] pipeline: push frame type=StartFrame id=4
[Voxray] 2026/05/16 21:29:14 [INFO] pipeline (turn): first audio chunk received from transport, 320 bytes
[Voxray] 2026/05/16 21:29:14 [INFO] pipeline (turn): turn complete, pushing 1280 bytes to STT
[Voxray] 2026/05/16 21:29:14 [INFO] pipeline: cleanup (2 processors)
[Voxray] 2026/05/16 21:29:14 [INFO] pipeline: setup with 3 processors
[Voxray] 2026/05/16 21:29:14 [INFO] pipeline: start (StartFrame pushed)
[Voxray] 2026/05/16 21:29:14 [INFO] pipeline: push frame type=StartFrame id=10
[Voxray] 2026/05/16 21:29:14 [INFO] pipeline: push frame type=TextFrame id=11
[Voxray] 2026/05/16 21:29:14 [INFO] pipeline: cleanup (3 processors)
[Voxray] 2026/05/16 21:29:14 [INFO] pipeline: setup with 1 processors
[Voxray] 2026/05/16 21:29:14 [INFO] pipeline: start (StartFrame pushed)
[Voxray] 2026/05/16 21:29:14 [INFO] pipeline: push frame type=StartFrame id=12
[Voxray] 2026/05/16 21:29:14 [INFO] pipeline: cleanup (1 processors)
[Voxray] 2026/05/16 21:29:14 [INFO] pipeline: setup with 2 processors
[Voxray] 2026/05/16 21:29:14 [INFO] pipeline: start (StartFrame pushed)
[Voxray] 2026/05/16 21:29:14 [INFO] pipeline: push frame type=StartFrame id=13
[Voxray] 2026/05/16 21:29:14 [INFO] pipeline: push frame type=TextFrame id=14
[Voxray] 2026/05/16 21:29:14 [INFO] pipeline: push frame type=CancelFrame id=15
[Voxray] 2026/05/16 21:29:14 [INFO] pipeline: cleanup (2 processors)
[Voxray] 2026/05/16 21:29:14 [INFO] pipeline: setup with 2 processors
[Voxray] 2026/05/16 21:29:14 [INFO] pipeline: start (StartFrame pushed)
[Voxray] 2026/05/16 21:29:14 [INFO] pipeline: push frame type=StartFrame id=16
[Voxray] 2026/05/16 21:29:14 [INFO] pipeline: push frame type=TextFrame id=17
[Voxray] 2026/05/16 21:29:14 [INFO] pipeline: cleanup (2 processors)
[Voxray] 2026/05/16 21:29:14 [INFO] pipeline: setup with 1 processors
[Voxray] 2026/05/16 21:29:14 [INFO] pipeline: push frame type=StartFrame id=19
[Voxray] 2026/05/16 21:29:14 [INFO] pipeline: push frame type=TextFrame id=20
[Voxray] 2026/05/16 21:29:14 [INFO] pipeline: push frame type=EndFrame id=21
[Voxray] 2026/05/16 21:29:14 [INFO] pipeline: cleanup (1 processors)
[Voxray] 2026/05/16 21:29:14 [INFO] pipeline: setup with 1 processors
[Voxray] 2026/05/16 21:29:14 [INFO] pipeline: push frame type=StartFrame id=22
[Voxray] 2026/05/16 21:29:14 [INFO] pipeline: push frame type=TextFrame id=23
[Voxray] 2026/05/16 21:29:14 [INFO] pipeline: push frame type=CancelFrame id=24
[Voxray] 2026/05/16 21:29:14 [INFO] pipeline: cleanup (1 processors)
[Voxray] 2026/05/16 21:29:14 [INFO] pipeline: setup with 4 processors
[Voxray] 2026/05/16 21:29:14 [INFO] pipeline: start (StartFrame pushed)
[Voxray] 2026/05/16 21:29:14 [INFO] pipeline: push frame type=StartFrame id=25
[Voxray] 2026/05/16 21:29:14 [INFO] pipeline (sink): forwarding to transport frame type=StartFrame id=25
[Voxray] 2026/05/16 21:29:14 [INFO] STT: audio packet received for transcription: 149650 bytes (16000 Hz, 1 ch), sending to STT API
[Voxray] 2026/05/16 21:29:14 [INFO] Sarvam STT: received audio from pipeline, 149650 bytes, sending to API
[Voxray] 2026/05/16 21:29:14 [INFO] Sarvam STT request: 149650 bytes, 16000 Hz, 1 ch, format=wav
[Voxray] 2026/05/16 21:29:15 [INFO] Sarvam STT response: transcript="αñ╣αÑçαñ▓αÑï" language=hi-IN request_id=20260516_b75232e4-70b8-4675-90c0-a0b654323a0f
[Voxray] 2026/05/16 21:29:15 [INFO] STT output (to LLM): processor=stt textLen=12 finalized=true language="hi-IN" preview="αñ╣αÑçαñ▓αÑï"
[Voxray] 2026/05/16 21:29:15 [INFO] LLM: transcript received from STT: 12 chars, preview="αñ╣αÑçαñ▓αÑï"
[Voxray] 2026/05/16 21:29:15 [INFO] TTS: received text to speak: 31 runes (batched), preview="αñ¿αñ«αñ╕αÑìαññαÑç! αñåαñ¬αñòαÑÇ αñ«αñªαñª αñòαÑç αñ▓αñ┐αñÅ αññαÑêαñ»αñ╛αñ░ αñ╣"
[Voxray] 2026/05/16 21:29:15 [INFO] Sarvam TTS: request: text=79 chars, model=bulbul:v2, voice=anushka
[Voxray] 2026/05/16 21:29:15 [INFO] Sarvam TTS: response: received audio 89722 bytes
[Voxray] 2026/05/16 21:29:15 [INFO] pipeline (sink): forwarding to transport frame type=BotStartedSpeakingFrame id=46
[Voxray] 2026/05/16 21:29:15 [INFO] pipeline (sink): first TTS audio frame to transport
[Voxray] 2026/05/16 21:29:15 [INFO] pipeline (sink): forwarding to transport frame type=BotStoppedSpeakingFrame id=47
[Voxray] 2026/05/16 21:29:15 [INFO] pipeline (TTS): sent 1 audio frame(s) to output
[Voxray] 2026/05/16 21:29:15 [INFO] TTS: received text to speak: 31 runes (batched), preview="αÑéαñüαÑñ αñòαÑìαñ»αñ╛ αñ«αÑêαñé αñåαñ¬αñòαÑÇ αñ¬αñ░αÑçαñ╢αñ╛αñ¿αÑÇ αñòαñ╛ αñ╕αñ«"
[Voxray] 2026/05/16 21:29:15 [INFO] Sarvam TTS: request: text=81 chars, model=bulbul:v2, voice=anushka
[Voxray] 2026/05/16 21:29:16 [INFO] Sarvam TTS: response: received audio 87494 bytes
[Voxray] 2026/05/16 21:29:16 [INFO] pipeline (sink): forwarding to transport frame type=BotStoppedSpeakingFrame id=65
[Voxray] 2026/05/16 21:29:16 [INFO] pipeline (TTS): sent 1 audio frame(s) to output
[Voxray] 2026/05/16 21:29:16 [INFO] LLM: response complete, sending to TTS: 203 chars, preview="αñ¿αñ«αñ╕αÑìαññαÑç! αñåαñ¬αñòαÑÇ αñ«αñªαñª αñòαÑç αñ▓αñ┐αñÅ αññαÑêαñ»αñ╛αñ░ αñ╣\xe0..."
[Voxray] 2026/05/16 21:29:16 [INFO] TTS: received text to speak: 17 runes (batched), preview="αñ╛αñºαñ╛αñ¿ αñòαñ░ αñ╕αñòαññαñ╛ αñ╣αÑéαñü?"
[Voxray] 2026/05/16 21:29:16 [INFO] Sarvam TTS: request: text=43 chars, model=bulbul:v2, voice=anushka
[Voxray] 2026/05/16 21:29:17 [INFO] Sarvam TTS: response: received audio 64646 bytes
[Voxray] 2026/05/16 21:29:17 [INFO] pipeline (sink): forwarding to transport frame type=BotStoppedSpeakingFrame id=76
[Voxray] 2026/05/16 21:29:17 [INFO] pipeline (TTS): sent 1 audio frame(s) to output
[Voxray] 2026/05/16 21:29:17 [INFO] pipeline: cleanup (4 processors)
[Voxray] 2026/05/16 21:29:17 [INFO] parallel pipeline: created 2 branches
[Voxray] 2026/05/16 21:29:17 [INFO] pipeline: setup with 5 processors
[Voxray] 2026/05/16 21:29:17 [INFO] pipeline: setup with 5 processors
[Voxray] 2026/05/16 21:29:17 [INFO] pipeline: push frame type=StartFrame id=77
[Voxray] 2026/05/16 21:29:17 [INFO] pipeline: push frame type=StartFrame id=77
[Voxray] 2026/05/16 21:29:17 [INFO] service switcher: switched to "B"
[Voxray] 2026/05/16 21:29:17 [INFO] pipeline: push frame type=ServiceSwitcherRequestMetadataFrame id=79
[Voxray] 2026/05/16 21:29:17 [INFO] pipeline: push frame type=ServiceSwitcherRequestMetadataFrame id=79
[Voxray] 2026/05/16 21:29:17 [INFO] pipeline: push frame type=TextFrame id=80
[Voxray] 2026/05/16 21:29:17 [INFO] pipeline: push frame type=TextFrame id=80
[Voxray] 2026/05/16 21:29:17 [INFO] pipeline: cleanup (5 processors)
[Voxray] 2026/05/16 21:29:17 [INFO] pipeline: cleanup (5 processors)
[Voxray] 2026/05/16 21:29:17 [INFO] parallel pipeline: created 2 branches
[Voxray] 2026/05/16 21:29:17 [INFO] pipeline: setup with 5 processors
[Voxray] 2026/05/16 21:29:17 [INFO] pipeline: setup with 5 processors
[Voxray] 2026/05/16 21:29:17 [INFO] pipeline: cleanup (5 processors)
[Voxray] 2026/05/16 21:29:17 [INFO] pipeline: cleanup (5 processors)
[Voxray] 2026/05/16 21:29:17 [INFO] parallel pipeline: created 2 branches
[Voxray] 2026/05/16 21:29:17 [INFO] pipeline: setup with 5 processors
[Voxray] 2026/05/16 21:29:17 [INFO] pipeline: setup with 5 processors
[Voxray] 2026/05/16 21:29:17 [INFO] pipeline: push frame type=StartFrame id=82
[Voxray] 2026/05/16 21:29:17 [INFO] pipeline: push frame type=StartFrame id=82
[Voxray] 2026/05/16 21:29:17 [INFO] service switcher: switched to "B"
[Voxray] 2026/05/16 21:29:17 [INFO] pipeline: push frame type=ServiceSwitcherRequestMetadataFrame id=84
[Voxray] 2026/05/16 21:29:17 [INFO] pipeline: push frame type=ServiceSwitcherRequestMetadataFrame id=84
[Voxray] 2026/05/16 21:29:17 [INFO] pipeline: cleanup (5 processors)
[Voxray] 2026/05/16 21:29:17 [INFO] pipeline: cleanup (5 processors)
[Voxray] 2026/05/16 21:29:18 [INFO] webrtc: offer received from client
[Voxray] 2026/05/16 21:29:18 [INFO] webrtc: connection state: connecting
[Voxray] 2026/05/16 21:29:23 [INFO] webrtc: answer created, session ready
[Voxray] 2026/05/16 21:29:23 [INFO] pipeline runner: starting
[Voxray] 2026/05/16 21:29:23 [INFO] pipeline: setup with 4 processors
[Voxray] 2026/05/16 21:29:23 [INFO] pipeline: start (StartFrame pushed)
[Voxray] 2026/05/16 21:29:23 [INFO] pipeline: push frame type=StartFrame id=85
[Voxray] 2026/05/16 21:29:23 [INFO] pipeline (sink): forwarding to transport frame type=StartFrame id=85
[Voxray] 2026/05/16 21:29:23 [INFO] pipeline runner: input channel active, forwarding frames to pipeline (queue cap=256)
--- FAIL: TestWebRTCSarvamGroqIntegration (5.97s)
    webrtc_sarvam_groq_integration_test.go:135: using audio fixture: ..\..\testdata\hello.wav
    webrtc_sarvam_groq_integration_test.go:158: server listening on port 56964
    webrtc_sarvam_groq_integration_test.go:271: decode answer: <nil>
[Voxray] 2026/05/16 21:29:23 [INFO] webrtc: connection state: closed
[Voxray] 2026/05/16 21:29:23 [INFO] pipeline runner: context done, stopping
[Voxray] 2026/05/16 21:29:23 [INFO] pipeline runner: cleanup
[Voxray] 2026/05/16 21:29:23 [INFO] pipeline: cleanup (4 processors)
[Voxray] 2026/05/16 21:29:23 [INFO] pipeline: setup with 4 processors
[Voxray] 2026/05/16 21:29:23 [INFO] pipeline: start (StartFrame pushed)
[Voxray] 2026/05/16 21:29:23 [INFO] pipeline: push frame type=StartFrame id=86
[Voxray] 2026/05/16 21:29:23 [INFO] pipeline (sink): forwarding to transport frame type=StartFrame id=86
[Voxray] 2026/05/16 21:29:23 [INFO] STT: audio packet received for transcription: 53500 bytes (16000 Hz, 1 ch), sending to STT API
[Voxray] 2026/05/16 21:29:23 [INFO] Sarvam STT: received audio from pipeline, 53500 bytes, sending to API
[Voxray] 2026/05/16 21:29:23 [INFO] Sarvam STT request: 53500 bytes, 16000 Hz, 1 ch, format=pcm_s16le
[Voxray] 2026/05/16 21:29:23 [INFO] Sarvam STT response: transcript="" language=hi-IN request_id=20260516_70bb9c1f-91c5-4fd1-8479-8c69555503a8
[Voxray] 2026/05/16 21:30:23 [INFO] pipeline: cleanup (4 processors)
--- FAIL: TestWebRTCSarvamGroqVoicePipeline_E2E (60.00s)
    webrtc_sarvam_groq_voice_e2e_test.go:152: timeout waiting for TTSAudioRawFrame from Sarvam+Groq voice pipeline
[Voxray] 2026/05/16 21:30:23 [INFO] starting server on localhost:18080 (transport=both)
[Voxray] 2026/05/16 21:30:24 [INFO] webrtc: offer received from client
[Voxray] 2026/05/16 21:30:24 [ERROR] smallwebrtc handle offer: smallwebrtc: set remote description: SetRemoteDescription called with no ice-ufrag
--- FAIL: TestWebRTCSignaling_SarvamGroq (1.03s)
    webrtc_sarvam_groq_voice_e2e_test.go:284: POST /webrtc/offer: status 503
FAIL
FAIL	github.com/Voxray-AI/Voxray/tests/pkg/pipeline	70.683s
ok  	github.com/Voxray-AI/Voxray/tests/pkg/plugin	1.097s
ok  	github.com/Voxray-AI/Voxray/tests/pkg/processors	1.229s
ok  	github.com/Voxray-AI/Voxray/tests/pkg/processors/aggregator	1.216s
ok  	github.com/Voxray-AI/Voxray/tests/pkg/processors/aggregators/dtmf	1.216s
ok  	github.com/Voxray-AI/Voxray/tests/pkg/processors/aggregators/gated	1.102s
ok  	github.com/Voxray-AI/Voxray/tests/pkg/processors/aggregators/gatedcontext	1.282s
ok  	github.com/Voxray-AI/Voxray/tests/pkg/processors/aggregators/llmcontextsummarizer	1.215s
ok  	github.com/Voxray-AI/Voxray/tests/pkg/processors/audio	1.851s
ok  	github.com/Voxray-AI/Voxray/tests/pkg/processors/echo	1.058s
ok  	github.com/Voxray-AI/Voxray/tests/pkg/processors/filters	1.497s
ok  	github.com/Voxray-AI/Voxray/tests/pkg/processors/logger	0.966s
ok  	github.com/Voxray-AI/Voxray/tests/pkg/realtime	0.286s
ok  	github.com/Voxray-AI/Voxray/tests/pkg/server	0.239s
--- FAIL: TestNewLLMFromConfig_ConstructsAllSupportedProviders (0.00s)
    factory_test.go:20: NewLLMFromConfig("google") returned nil
    factory_test.go:20: NewLLMFromConfig("google_vertex") returned nil
--- FAIL: TestNewSTTFromConfig_ConstructsAllSupportedProviders (0.02s)
    factory_test.go:48: NewSTTFromConfig("google") returned nil
--- FAIL: TestNewTTSFromConfig_ConstructsAllSupportedProviders (0.00s)
    factory_test.go:59: NewTTSFromConfig("google") returned nil
FAIL
FAIL	github.com/Voxray-AI/Voxray/tests/pkg/services	0.320s
ok  	github.com/Voxray-AI/Voxray/tests/pkg/services/aws	1.355s
ok  	github.com/Voxray-AI/Voxray/tests/pkg/services/cerebras	1.263s
ok  	github.com/Voxray-AI/Voxray/tests/pkg/services/deepseek	1.270s
ok  	github.com/Voxray-AI/Voxray/tests/pkg/services/elevenlabs	1.253s
ok  	github.com/Voxray-AI/Voxray/tests/pkg/services/grok	1.498s
ok  	github.com/Voxray-AI/Voxray/tests/pkg/services/groq	1.385s
ok  	github.com/Voxray-AI/Voxray/tests/pkg/services/mistral	1.482s
ok  	github.com/Voxray-AI/Voxray/tests/pkg/services/ollama	1.402s
ok  	github.com/Voxray-AI/Voxray/tests/pkg/services/openai	1.279s
ok  	github.com/Voxray-AI/Voxray/tests/pkg/services/qwen	1.258s
ok  	github.com/Voxray-AI/Voxray/tests/pkg/services/sarvam	1.341s
ok  	github.com/Voxray-AI/Voxray/tests/pkg/services/stt	1.237s
ok  	github.com/Voxray-AI/Voxray/tests/pkg/services/tts	1.226s
ok  	github.com/Voxray-AI/Voxray/tests/pkg/services/whisper	1.105s
[Voxray] 2026/05/16 21:29:19 [ERROR] decode frame: unexpected end of JSON input
[Voxray] 2026/05/16 21:29:19 [ERROR] decode frame: invalid character '\x12' looking for beginning of value
[Voxray] 2026/05/16 21:29:19 [ERROR] websocket read: websocket: close 1006 (abnormal closure): unexpected EOF
--- FAIL: TestWebsocketMaxDurationAfterFirstAudio (0.28s)
    websocket_max_duration_test.go:111: timeout waiting for conn context cancel after first AudioRawFrame (maxDur=50ms)
[Voxray] 2026/05/16 21:29:19 [ERROR] websocket read: websocket: close 1006 (abnormal closure): unexpected EOF
[Voxray] 2026/05/16 21:29:19 [ERROR] websocket read: websocket: close 1006 (abnormal closure): unexpected EOF
FAIL
FAIL	github.com/Voxray-AI/Voxray/tests/pkg/transport	1.646s
ok  	github.com/Voxray-AI/Voxray/tests/pkg/transport/smallwebrtc	0.714s
ok  	github.com/Voxray-AI/Voxray/tests/pkg/transport/websocket	0.737s
ok  	github.com/Voxray-AI/Voxray/tests/pkg/transport/whatsapp	0.665s
ok  	github.com/Voxray-AI/Voxray/tests/pkg/utils	0.506s
ok  	github.com/Voxray-AI/Voxray/tests/pkg/utils/patternaggregator	0.505s
ok  	github.com/Voxray-AI/Voxray/tests/stress_testing	21.979s
FAIL
